../Src/main.c:75:5:main	8	static
../Src/main.c:97:6:task1_handler	8	static
../Src/main.c:106:6:task2_handler	8	static
../Src/main.c:114:6:task3_handler	8	static
../Src/main.c:122:6:task4_handler	8	static
../Src/main.c:130:6:idle_task_handler	4	static
../Src/main.c:134:6:init_systick_timer	32	static
../Src/main.c:146:6:update_global_count	4	static
../Src/main.c:150:6:unblock_task	16	static
../Src/main.c:159:6:SysTick_Handler	16	static
../Src/main.c:167:28:PendSV_Handler	0	static,ignoring_inline_asm
../Src/main.c:186:29:init_schedule_stack	0	static,ignoring_inline_asm
../Src/main.c:191:6:save_psp	16	static
../Src/main.c:194:6:update_to_next_psp	16	static
../Src/main.c:206:10:get_psp_value	4	static
../Src/main.c:209:6:init__tasks_stack	24	static
../Src/main.c:231:6:enable_processor_fault	16	static
../Src/main.c:238:6:HardFault_Handler	8	static
../Src/main.c:242:6:MemManage_Handler	8	static
../Src/main.c:246:6:BusFault_Handler	8	static
../Src/main.c:250:6:UsageFault_Handler	8	static
../Src/main.c:254:28:switch_sp_to_psp	0	static,ignoring_inline_asm
../Src/main.c:266:6:init_tasks	4	static
../Src/main.c:289:6:task_delay	16	static
../Src/main.c:301:6:schedule	16	static
